type octile
height 43
width 40
map
........................................
........................................
........................................
........................................
P..PP..PP..PP..PP..PP..PP..PP..PP..PP..P
P..PP..PP..PP..PP..PP..PP..PP..PP..PP..P
P..PP..PP..PP..PP..PP..PP..PP..PP..PP..P
P..PP..PP..PP..PP..PP..PP..PP..PP..PP..P
P..PP..PP..PP..PP..PP..PP..PP..PP..PP..P
P..PP..PP..PP..PP..PP..PP..PP..PP..PP..P
P..PP..PP..PP..PP..PP..PP..PP..PP..PP..P
P..PP..PP..PP..PP..PP..PP..PP..PP..PP..P
P..PP..PP..PP..PP..PP..PP..PP..PP..PP..P
P..PP..PP..PP..PP..PP..PP..PP..PP..PP..P
P..PP..PP..PP..PP..PP..PP..PP..PP..PP..P
P..PP..PP..PP..PP..PP..PP..PP..PP..PP..P
P..PP..PP..PP..PP..PP..PP..PP..PP..PP..P
P..PP..PP..PP..PP..PP..PP..PP..PP..PP..P
P..PP..PP..PP..PP..PP..PP..PP..PP..PP..P
P..PP..PP..PP..PP..PP..PP..PP..PP..PP..P
........................................
........................................
........................................
P..PP..PP..PP..PP..PP..PP..PP..PP..PP..P
P..PP..PP..PP..PP..PP..PP..PP..PP..PP..P
P..PP..PP..PP..PP..PP..PP..PP..PP..PP..P
P..PP..PP..PP..PP..PP..PP..PP..PP..PP..P
P..PP..PP..PP..PP..PP..PP..PP..PP..PP..P
P..PP..PP..PP..PP..PP..PP..PP..PP..PP..P
P..PP..PP..PP..PP..PP..PP..PP..PP..PP..P
P..PP..PP..PP..PP..PP..PP..PP..PP..PP..P
P..PP..PP..PP..PP..PP..PP..PP..PP..PP..P
P..PP..PP..PP..PP..PP..PP..PP..PP..PP..P
P..PP..PP..PP..PP..PP..PP..PP..PP..PP..P
P..PP..PP..PP..PP..PP..PP..PP..PP..PP..P
P..PP..PP..PP..PP..PP..PP..PP..PP..PP..P
P..PP..PP..PP..PP..PP..PP..PP..PP..PP..P
P..PP..PP..PP..PP..PP..PP..PP..PP..PP..P
P..PP..PP..PP..PP..PP..PP..PP..PP..PP..P
........................................
........................................
........................................
..................................TTTTTT
