type octile
height 36
width 48
map
..T....T....T....T....T...T....T....T....T....T.
................................................
................................................
................................................
................................................
.PP..PP..PP..PP..PP..PP..PP..PP..PP..PP..PP..PP.
.PP..PP..PP..PP..PP..PP..PP..PP..PP..PP..PP..PP.
.PP..PP..PP..PP..PP..PP..PP..PP..PP..PP..PP..PP.
.PP..PP..PP..PP..PP..PP..PP..PP..PP..PP..PP..PP.
.PP..PP..PP..PP..PP..PP..PP..PP..PP..PP..PP..PP.
.PP..PP..PP..PP..PP..PP..PP..PP..PP..PP..PP..PP.
.PP..PP..PP..PP..PP..PP..PP..PP..PP..PP..PP..PP.
.PP..PP..PP..PP..PP..PP..PP..PP..PP..PP..PP..PP.
.PP..PP..PP..PP..PP..PP..PP..PP..PP..PP..PP..PP.
.PP..PP..PP..PP..PP..PP..PP..PP..PP..PP..PP..PP.
.PP..PP..PP..PP..PP..PP..PP..PP..PP..PP..PP..PP.
.PP..PP..PP..PP..PP..PP..PP..PP..PP..PP..PP..PP.
................................................
................................................
.PP..PP..PP..PP..PP..PP..PP..PP..PP..PP..PP..PP.
.PP..PP..PP..PP..PP..PP..PP..PP..PP..PP..PP..PP.
.PP..PP..PP..PP..PP..PP..PP..PP..PP..PP..PP..PP.
.PP..PP..PP..PP..PP..PP..PP..PP..PP..PP..PP..PP.
.PP..PP..PP..PP..PP..PP..PP..PP..PP..PP..PP..PP.
.PP..PP..PP..PP..PP..PP..PP..PP..PP..PP..PP..PP.
.PP..PP..PP..PP..PP..PP..PP..PP..PP..PP..PP..PP.
.PP..PP..PP..PP..PP..PP..PP..PP..PP..PP..PP..PP.
.PP..PP..PP..PP..PP..PP..PP..PP..PP..PP..PP..PP.
.PP..PP..PP..PP..PP..PP..PP..PP..PP..PP..PP..PP.
.PP..PP..PP..PP..PP..PP..PP..PP..PP..PP..PP..PP.
.PP..PP..PP..PP..PP..PP..PP..PP..PP..PP..PP..PP.
................................................
................................................
................................................
................................................
.T....T....T....T....T...T....T....T....T....T..
