type octile
height 43
width 48
map
................................................
................................................
................................................
................................................
.PP..PP..PP..PP..PP..PP..PP..PP..PP..PP..PP..PP.
.PP..PP..PP..PP..PP..PP..PP..PP..PP..PP..PP..PP.
.PP..PP..PP..PP..PP..PP..PP..PP..PP..PP..PP..PP.
.PP..PP..PP..PP..PP..PP..PP..PP..PP..PP..PP..PP.
.PP..PP..PP..PP..PP..PP..PP..PP..PP..PP..PP..PP.
.PP..PP..PP..PP..PP..PP..PP..PP..PP..PP..PP..PP.
.PP..PP..PP..PP..PP..PP..PP..PP..PP..PP..PP..PP.
.PP..PP..PP..PP..PP..PP..PP..PP..PP..PP..PP..PP.
.PP..PP..PP..PP..PP..PP..PP..PP..PP..PP..PP..PP.
.PP..PP..PP..PP..PP..PP..PP..PP..PP..PP..PP..PP.
.PP..PP..PP..PP..PP..PP..PP..PP..PP..PP..PP..PP.
.PP..PP..PP..PP..PP..PP..PP..PP..PP..PP..PP..PP.
.PP..PP..PP..PP..PP..PP..PP..PP..PP..PP..PP..PP.
.PP..PP..PP..PP..PP..PP..PP..PP..PP..PP..PP..PP.
.PP..PP..PP..PP..PP..PP..PP..PP..PP..PP..PP..PP.
.PP..PP..PP..PP..PP..PP..PP..PP..PP..PP..PP..PP.
................................................
................................................
................................................
.PP..PP..PP..PP..PP..PP..PP..PP..PP..PP..PP..PP.
.PP..PP..PP..PP..PP..PP..PP..PP..PP..PP..PP..PP.
.PP..PP..PP..PP..PP..PP..PP..PP..PP..PP..PP..PP.
.PP..PP..PP..PP..PP..PP..PP..PP..PP..PP..PP..PP.
.PP..PP..PP..PP..PP..PP..PP..PP..PP..PP..PP..PP.
.PP..PP..PP..PP..PP..PP..PP..PP..PP..PP..PP..PP.
.PP..PP..PP..PP..PP..PP..PP..PP..PP..PP..PP..PP.
.PP..PP..PP..PP..PP..PP..PP..PP..PP..PP..PP..PP.
.PP..PP..PP..PP..PP..PP..PP..PP..PP..PP..PP..PP.
.PP..PP..PP..PP..PP..PP..PP..PP..PP..PP..PP..PP.
.PP..PP..PP..PP..PP..PP..PP..PP..PP..PP..PP..PP.
.PP..PP..PP..PP..PP..PP..PP..PP..PP..PP..PP..PP.
.PP..PP..PP..PP..PP..PP..PP..PP..PP..PP..PP..PP.
.PP..PP..PP..PP..PP..PP..PP..PP..PP..PP..PP..PP.
.PP..PP..PP..PP..PP..PP..PP..PP..PP..PP..PP..PP.
.PP..PP..PP..PP..PP..PP..PP..PP..PP..PP..PP..PP.
................................................
................................................
..........................................TTT...
..........................................TTT...
